
 Start  Stop   Length Name               Class

 00000H 07731H 07732H _TEXT              CODE
 07732H 07B96H 00465H TEST_TEXT          CODE
 07B98H 07C6DH 000D6H OS_CPU_A_TEXT      CODE
 07C6EH 07E5BH 001EEH OS_CPU_C_TEXT      CODE
 07E5CH 081F9H 0039EH PC_TEXT            CODE
 081FAH 0BA48H 0384FH UCOS_II_TEXT       CODE
 0BA50H 0C00FH 005C0H E87_PROG           CODE
 0C010H 0E77FH 02770H EMU_PROG           CODE
 0E780H 0F3C7H 00C48H _TEXTC             CODE
 0F3D0H 0F3D0H 00000H _FARDATA           FAR_DATA
 0F3D0H 0F3D0H 00000H _FARBSS            FAR_BSS
 0F3D0H 0F3D0H 00000H _OVERLAY_          OVRINFO
 0F3D0H 0F3D0H 00000H _1STUB_            STUBSEG
 0F3D0H 1011BH 00D4CH _DATA              DATA
 1011CH 1011FH 00004H _CVTSEG            DATA
 10120H 10125H 00006H _SCNSEG            DATA
 10126H 10126H 00000H _CONST             CONST
 10126H 10143H 0001EH _INIT_             INITDATA
 10144H 10144H 00000H _INITEND_          INITDATA
 10144H 1014FH 0000CH _EXIT_             EXITDATA
 10150H 10150H 00000H _EXITEND_          EXITDATA
 10150H 119EFH 018A0H _BSS               BSS
 119F0H 119F0H 00000H _BSSEND            BSSEND
 119F0H 11B20H 00131H _STACK             STACK


Detailed map of segments

 0000:0000 0271 C=CODE   S=_TEXT          G=(none)  M=c0.asm     ACBP=28
 0000:0271 0000 C=CODE   S=_TEXT          G=(none)  M=e87trap    ACBP=28
 0000:0271 026B C=CODE   S=_TEXT          G=(none)  M=fpinit     ACBP=28
 0000:04DC 0000 C=CODE   S=_TEXT          G=(none)  M=deflt87    ACBP=28
 0000:04DC 0000 C=CODE   S=_TEXT          G=(none)  M=protflag   ACBP=28
 0000:04DC 01D2 C=CODE   S=_TEXT          G=(none)  M=realcvt2   ACBP=28
 0000:06AE 0216 C=CODE   S=_TEXT          G=(none)  M=xcvt       ACBP=28
 0000:08C4 000B C=CODE   S=_TEXT          G=(none)  M=pow10d     ACBP=28
 0000:08CF 00CB C=CODE   S=_TEXT          G=(none)  M=_pow10     ACBP=28
 0000:099A 00AF C=CODE   S=_TEXT          G=(none)  M=fperr      ACBP=28
 0000:0A49 0000 C=CODE   S=_TEXT          G=(none)  M=wscroll    ACBP=28
 0000:0A49 009E C=CODE   S=_TEXT          G=(none)  M=vram       ACBP=28
 0000:0AE7 0150 C=CODE   S=_TEXT          G=(none)  M=cprintf    ACBP=28
 0000:0C37 00C8 C=CODE   S=_TEXT          G=(none)  M=gptext     ACBP=28
 0000:0CFF 00A8 C=CODE   S=_TEXT          G=(none)  M=movetext   ACBP=28
 0000:0DA7 0019 C=CODE   S=_TEXT          G=(none)  M=putch      ACBP=28
 0000:0DC0 01DB C=CODE   S=_TEXT          G=(none)  M=screen     ACBP=28
 0000:0F9B 0189 C=CODE   S=_TEXT          G=(none)  M=scroll     ACBP=28
 0000:1124 0038 C=CODE   S=_TEXT          G=(none)  M=wherexy    ACBP=28
 0000:115C 01B9 C=CODE   S=_TEXT          G=(none)  M=crtinit    ACBP=28
 0000:1315 0074 C=CODE   S=_TEXT          G=(none)  M=getch      ACBP=28
 0000:1389 0016 C=CODE   S=_TEXT          G=(none)  M=kbhit      ACBP=28
 0000:139F 0028 C=CODE   S=_TEXT          G=(none)  M=memcmp     ACBP=28
 0000:13C7 0024 C=CODE   S=_TEXT          G=(none)  M=memcpy     ACBP=28
 0000:13EB 0048 C=CODE   S=_TEXT          G=(none)  M=memset     ACBP=28
 0000:1433 0077 C=CODE   S=_TEXT          G=(none)  M=movmem     ACBP=28
 0000:14AA 0030 C=CODE   S=_TEXT          G=(none)  M=strcmp     ACBP=28
 0000:14DA 0021 C=CODE   S=_TEXT          G=(none)  M=strlen     ACBP=28
 0000:14FB 0000 C=CODE   S=_TEXT          G=(none)  M=files      ACBP=28
 0000:14FB 0000 C=CODE   S=_TEXT          G=(none)  M=files2     ACBP=28
 0000:14FB 00A4 C=CODE   S=_TEXT          G=(none)  M=setupio    ACBP=28
 0000:159F 0052 C=CODE   S=_TEXT          G=(none)  M=ioerror    ACBP=28
 0000:15F1 0015 C=CODE   S=_TEXT          G=(none)  M=isatty     ACBP=28
 0000:1606 002D C=CODE   S=_TEXT          G=(none)  M=lseek      ACBP=28
 0000:1633 04DB C=CODE   S=_TEXT          G=(none)  M=vprinter   ACBP=28
 0000:1B0E 00D1 C=CODE   S=_TEXT          G=(none)  M=fflush     ACBP=28
 0000:1BDF 004C C=CODE   S=_TEXT          G=(none)  M=flushall   ACBP=28
 0000:1C2B 0083 C=CODE   S=_TEXT          G=(none)  M=flushout   ACBP=28
 0000:1CAE 0020 C=CODE   S=_TEXT          G=(none)  M=fprintf    ACBP=28
 0000:1CCE 0055 C=CODE   S=_TEXT          G=(none)  M=fputs      ACBP=28
 0000:1D23 01EC C=CODE   S=_TEXT          G=(none)  M=fseek      ACBP=28
 0000:1F0F 0091 C=CODE   S=_TEXT          G=(none)  M=perror     ACBP=28
 0000:1FA0 03CE C=CODE   S=_TEXT          G=(none)  M=putc       ACBP=28
 0000:236E 0121 C=CODE   S=_TEXT          G=(none)  M=setvbuf    ACBP=28
 0000:248F 0090 C=CODE   S=_TEXT          G=(none)  M=sprintf    ACBP=28
 0000:251F 0166 C=CODE   S=_TEXT          G=(none)  M=write      ACBP=28
 0000:2685 003F C=CODE   S=_TEXT          G=(none)  M=xfflush    ACBP=28
 0000:26C4 005B C=CODE   S=_TEXT          G=(none)  M=writea     ACBP=28
 0000:271F 000A C=CODE   S=_TEXT          G=(none)  M=cconv      ACBP=28
 0000:2729 0017 C=CODE   S=_TEXT          G=(none)  M=f_lxmul    ACBP=28
 0000:2740 00AE C=CODE   S=_TEXT          G=(none)  M=h_ldiv     ACBP=28
 0000:27EE 0021 C=CODE   S=_TEXT          G=(none)  M=h_llsh     ACBP=28
 0000:280F 0021 C=CODE   S=_TEXT          G=(none)  M=h_lursh    ACBP=28
 0000:2830 0017 C=CODE   S=_TEXT          G=(none)  M=n_lxmul    ACBP=28
 0000:2847 003E C=CODE   S=_TEXT          G=(none)  M=rand       ACBP=28
 0000:2885 00A6 C=CODE   S=_TEXT          G=(none)  M=longtoa    ACBP=28
 0000:292B 0000 C=CODE   S=_TEXT          G=(none)  M=fpstklen   ACBP=28
 0000:292B 001F C=CODE   S=_TEXT          G=(none)  M=cvtfak     ACBP=28
 0000:294A 0004 C=CODE   S=_TEXT          G=(none)  M=realcvt    ACBP=28
 0000:294E 0000 C=CODE   S=_TEXT          G=(none)  M=stklen     ACBP=28
 0000:294E 0016 C=CODE   S=_TEXT          G=(none)  M=del        ACBP=28
 0000:2964 0016 C=CODE   S=_TEXT          G=(none)  M=delarray   ACBP=28
 0000:297A 02F2 C=CODE   S=_TEXT          G=(none)  M=new        ACBP=28
 0000:2C6C 0432 C=CODE   S=_TEXT          G=(none)  M=farheap    ACBP=28
 0000:309E 0160 C=CODE   S=_TEXT          G=(none)  M=fbrk       ACBP=28
 0000:31FE 0020 C=CODE   S=_TEXT          G=(none)  M=setblock   ACBP=28
 0000:321E 0060 C=CODE   S=_TEXT          G=(none)  M=h_padd     ACBP=28
 0000:327E 0021 C=CODE   S=_TEXT          G=(none)  M=n_pcmp     ACBP=28
 0000:329F 002A C=CODE   S=_TEXT          G=(none)  M=errormsg   ACBP=28
 0000:32C9 005C C=CODE   S=_TEXT          G=(none)  M=cputype    ACBP=28
 0000:3325 0014 C=CODE   S=_TEXT          G=(none)  M=abort      ACBP=28
 0000:3339 0031 C=CODE   S=_TEXT          G=(none)  M=atexit     ACBP=28
 0000:336A 00AA C=CODE   S=_TEXT          G=(none)  M=exit       ACBP=28
 0000:3414 0000 C=CODE   S=_TEXT          G=(none)  M=sigdata    ACBP=28
 0000:3414 001B C=CODE   S=_TEXT          G=(none)  M=_abort     ACBP=28
 0000:342F 0028 C=CODE   S=_TEXT          G=(none)  M=getvect    ACBP=28
 0000:3457 043C C=CODE   S=_TEXT          G=(none)  M=signal     ACBP=28
 0000:3893 00D5 C=CODE   S=_TEXT          G=(none)  M=setjmp     ACBP=28
 0000:3968 002E C=CODE   S=_TEXT          G=(none)  M=getdate    ACBP=28
 0000:3996 0289 C=CODE   S=_TEXT          G=(none)  M=xxv        ACBP=28
 0000:3C1F 0201 C=CODE   S=_TEXT          G=(none)  M=xalloc     ACBP=28
 0000:3E20 03BB C=CODE   S=_TEXT          G=(none)  M=xmsg       ACBP=28
 0000:41DB 314E C=CODE   S=_TEXT          G=(none)  M=xx         ACBP=28
 0000:7329 008F C=CODE   S=_TEXT          G=(none)  M=xxas       ACBP=28
 0000:73B8 0060 C=CODE   S=_TEXT          G=(none)  M=ctor2      ACBP=28
 0000:7418 00CF C=CODE   S=_TEXT          G=(none)  M=ctor3      ACBP=28
 0000:74E7 024B C=CODE   S=_TEXT          G=(none)  M=strings    ACBP=28
 0773:0002 0465 C=CODE   S=TEST_TEXT      G=(none)  M=test.c     ACBP=28
 07B9:0008 00D6 C=CODE   S=OS_CPU_A_TEXT  G=(none)  M=\SOFTWARE\uCOS-II\Ix86L\BC45\OS_CPU_A.ASM ACBP=48
 07C6:000E 01EE C=CODE   S=OS_CPU_C_TEXT  G=(none)  M=os_cpu_c.c ACBP=28
 07E5:000C 039E C=CODE   S=PC_TEXT        G=(none)  M=pc.c       ACBP=28
 081F:000A 384F C=CODE   S=UCOS_II_TEXT   G=(none)  M=ucos_ii.c  ACBP=28
 0BA5:0000 01E1 C=CODE   S=E87_PROG       G=(none)  M=e87trap    ACBP=68
 0BA5:01F0 0000 C=CODE   S=E87_PROG       G=(none)  M=fpinit     ACBP=68
 0BA5:01F0 03D0 C=CODE   S=E87_PROG       G=(none)  M=emu087     ACBP=68
 0C01:0000 2764 C=CODE   S=EMU_PROG       G=(none)  M=emu086     ACBP=68
 0C01:2770 0000 C=CODE   S=EMU_PROG       G=(none)  M=fpinit     ACBP=68
 0E78:0000 00E9 C=CODE   S=_TEXTC         G=(none)  M=ctor2      ACBP=28
 0E78:00E9 021C C=CODE   S=_TEXTC         G=(none)  M=ctor3      ACBP=28
 0E78:0305 0943 C=CODE   S=_TEXTC         G=(none)  M=strings    ACBP=28
 0F3D:0000 0000 C=FAR_DATA S=_FARDATA       G=(none)  M=c0.asm     ACBP=68
 0F3D:0000 0000 C=FAR_BSS S=_FARBSS        G=(none)  M=c0.asm     ACBP=68
 0F3D:0000 0000 C=OVRINFO S=_OVERLAY_      G=(none)  M=c0.asm     ACBP=68
 0F3D:0000 0000 C=STUBSEG S=_1STUB_        G=(none)  M=c0.asm     ACBP=68
 0F3D:0000 0090 C=DATA   S=_DATA          G=DGROUP  M=c0.asm     ACBP=68
 0F3D:0090 0271 C=DATA   S=_DATA          G=DGROUP  M=test.c     ACBP=48
 0F3D:0302 0000 C=DATA   S=_DATA          G=DGROUP  M=\SOFTWARE\uCOS-II\Ix86L\BC45\OS_CPU_A.ASM ACBP=48
 0F3D:0302 0000 C=DATA   S=_DATA          G=DGROUP  M=os_cpu_c.c ACBP=48
 0F3D:0302 001F C=DATA   S=_DATA          G=DGROUP  M=pc.c       ACBP=48
 0F3D:0322 0108 C=DATA   S=_DATA          G=DGROUP  M=ucos_ii.c  ACBP=48
 0F3D:0430 0000 C=DATA   S=_DATA          G=DGROUP  M=e87trap    ACBP=68
 0F3D:0430 0002 C=DATA   S=_DATA          G=DGROUP  M=fpinit     ACBP=68
 0F3D:0432 0002 C=DATA   S=_DATA          G=DGROUP  M=deflt87    ACBP=48
 0F3D:0434 0004 C=DATA   S=_DATA          G=DGROUP  M=protflag   ACBP=48
 0F3D:0438 0000 C=DATA   S=_DATA          G=DGROUP  M=realcvt2   ACBP=48
 0F3D:0438 0000 C=DATA   S=_DATA          G=DGROUP  M=xcvt       ACBP=48
 0F3D:0438 0000 C=DATA   S=_DATA          G=DGROUP  M=pow10d     ACBP=48
 0F3D:0438 0080 C=DATA   S=_DATA          G=DGROUP  M=_pow10     ACBP=48
 0F3D:04B8 009A C=DATA   S=_DATA          G=DGROUP  M=fperr      ACBP=48
 0F3D:0552 0002 C=DATA   S=_DATA          G=DGROUP  M=wscroll    ACBP=48
 0F3D:0554 0000 C=DATA   S=_DATA          G=DGROUP  M=vram       ACBP=48
 0F3D:0554 0000 C=DATA   S=_DATA          G=DGROUP  M=cprintf    ACBP=48
 0F3D:0554 0000 C=DATA   S=_DATA          G=DGROUP  M=gptext     ACBP=48
 0F3D:0554 0000 C=DATA   S=_DATA          G=DGROUP  M=movetext   ACBP=48
 0F3D:0554 0000 C=DATA   S=_DATA          G=DGROUP  M=putch      ACBP=48
 0F3D:0554 0000 C=DATA   S=_DATA          G=DGROUP  M=screen     ACBP=48
 0F3D:0554 0000 C=DATA   S=_DATA          G=DGROUP  M=scroll     ACBP=48
 0F3D:0554 0000 C=DATA   S=_DATA          G=DGROUP  M=wherexy    ACBP=48
 0F3D:0554 0019 C=DATA   S=_DATA          G=DGROUP  M=crtinit    ACBP=48
 0F3D:056E 0000 C=DATA   S=_DATA          G=DGROUP  M=getch      ACBP=48
 0F3D:056E 0002 C=DATA   S=_DATA          G=DGROUP  M=kbhit      ACBP=48
 0F3D:0570 0000 C=DATA   S=_DATA          G=DGROUP  M=memcmp     ACBP=48
 0F3D:0570 0000 C=DATA   S=_DATA          G=DGROUP  M=memcpy     ACBP=48
 0F3D:0570 0000 C=DATA   S=_DATA          G=DGROUP  M=memset     ACBP=48
 0F3D:0570 0000 C=DATA   S=_DATA          G=DGROUP  M=movmem     ACBP=48
 0F3D:0570 0000 C=DATA   S=_DATA          G=DGROUP  M=strcmp     ACBP=48
 0F3D:0570 0000 C=DATA   S=_DATA          G=DGROUP  M=strlen     ACBP=48
 0F3D:0570 0190 C=DATA   S=_DATA          G=DGROUP  M=files      ACBP=48
 0F3D:0700 002A C=DATA   S=_DATA          G=DGROUP  M=files2     ACBP=48
 0F3D:072A 0000 C=DATA   S=_DATA          G=DGROUP  M=setupio    ACBP=48
 0F3D:072A 005B C=DATA   S=_DATA          G=DGROUP  M=ioerror    ACBP=48
 0F3D:0786 0000 C=DATA   S=_DATA          G=DGROUP  M=isatty     ACBP=48
 0F3D:0786 0000 C=DATA   S=_DATA          G=DGROUP  M=lseek      ACBP=48
 0F3D:0786 0067 C=DATA   S=_DATA          G=DGROUP  M=vprinter   ACBP=48
 0F3D:07EE 0000 C=DATA   S=_DATA          G=DGROUP  M=fflush     ACBP=48
 0F3D:07EE 0000 C=DATA   S=_DATA          G=DGROUP  M=flushall   ACBP=48
 0F3D:07EE 0000 C=DATA   S=_DATA          G=DGROUP  M=flushout   ACBP=48
 0F3D:07EE 0000 C=DATA   S=_DATA          G=DGROUP  M=fprintf    ACBP=48
 0F3D:07EE 0000 C=DATA   S=_DATA          G=DGROUP  M=fputs      ACBP=48
 0F3D:07EE 0000 C=DATA   S=_DATA          G=DGROUP  M=fseek      ACBP=48
 0F3D:07EE 02D0 C=DATA   S=_DATA          G=DGROUP  M=perror     ACBP=48
 0F3D:0ABE 0001 C=DATA   S=_DATA          G=DGROUP  M=putc       ACBP=48
 0F3D:0AC0 0004 C=DATA   S=_DATA          G=DGROUP  M=setvbuf    ACBP=48
 0F3D:0AC4 0000 C=DATA   S=_DATA          G=DGROUP  M=sprintf    ACBP=48
 0F3D:0AC4 0000 C=DATA   S=_DATA          G=DGROUP  M=write      ACBP=48
 0F3D:0AC4 0000 C=DATA   S=_DATA          G=DGROUP  M=xfflush    ACBP=48
 0F3D:0AC4 0000 C=DATA   S=_DATA          G=DGROUP  M=writea     ACBP=48
 0F3D:0AC4 003B C=DATA   S=_DATA          G=DGROUP  M=cconv      ACBP=48
 0F3D:0B00 0000 C=DATA   S=_DATA          G=DGROUP  M=f_lxmul    ACBP=48
 0F3D:0B00 0000 C=DATA   S=_DATA          G=DGROUP  M=h_ldiv     ACBP=48
 0F3D:0B00 0000 C=DATA   S=_DATA          G=DGROUP  M=h_llsh     ACBP=48
 0F3D:0B00 0000 C=DATA   S=_DATA          G=DGROUP  M=h_lursh    ACBP=48
 0F3D:0B00 0000 C=DATA   S=_DATA          G=DGROUP  M=n_lxmul    ACBP=48
 0F3D:0B00 0004 C=DATA   S=_DATA          G=DGROUP  M=rand       ACBP=48
 0F3D:0B04 0000 C=DATA   S=_DATA          G=DGROUP  M=longtoa    ACBP=48
 0F3D:0B04 0002 C=DATA   S=_DATA          G=DGROUP  M=fpstklen   ACBP=48
 0F3D:0B06 0031 C=DATA   S=_DATA          G=DGROUP  M=cvtfak     ACBP=48
 0F3D:0B38 0000 C=DATA   S=_DATA          G=DGROUP  M=realcvt    ACBP=48
 0F3D:0B38 0002 C=DATA   S=_DATA          G=DGROUP  M=stklen     ACBP=48
 0F3D:0B3A 0000 C=DATA   S=_DATA          G=DGROUP  M=del        ACBP=48
 0F3D:0B3A 0000 C=DATA   S=_DATA          G=DGROUP  M=delarray   ACBP=48
 0F3D:0B3A 0018 C=DATA   S=_DATA          G=DGROUP  M=new        ACBP=48
 0F3D:0B52 0000 C=DATA   S=_DATA          G=DGROUP  M=farheap    ACBP=48
 0F3D:0B52 0002 C=DATA   S=_DATA          G=DGROUP  M=fbrk       ACBP=48
 0F3D:0B54 0000 C=DATA   S=_DATA          G=DGROUP  M=setblock   ACBP=48
 0F3D:0B54 0000 C=DATA   S=_DATA          G=DGROUP  M=h_padd     ACBP=48
 0F3D:0B54 0000 C=DATA   S=_DATA          G=DGROUP  M=n_pcmp     ACBP=48
 0F3D:0B54 0000 C=DATA   S=_DATA          G=DGROUP  M=errormsg   ACBP=48
 0F3D:0B54 0002 C=DATA   S=_DATA          G=DGROUP  M=cputype    ACBP=48
 0F3D:0B56 0000 C=DATA   S=_DATA          G=DGROUP  M=abort      ACBP=48
 0F3D:0B56 0002 C=DATA   S=_DATA          G=DGROUP  M=atexit     ACBP=48
 0F3D:0B58 000C C=DATA   S=_DATA          G=DGROUP  M=exit       ACBP=48
 0F3D:0B64 0000 C=DATA   S=_DATA          G=DGROUP  M=sigdata    ACBP=48
 0F3D:0B64 001F C=DATA   S=_DATA          G=DGROUP  M=_abort     ACBP=48
 0F3D:0B84 0000 C=DATA   S=_DATA          G=DGROUP  M=getvect    ACBP=48
 0F3D:0B84 0028 C=DATA   S=_DATA          G=DGROUP  M=signal     ACBP=48
 0F3D:0BAC 0000 C=DATA   S=_DATA          G=DGROUP  M=setjmp     ACBP=48
 0F3D:0BAC 0000 C=DATA   S=_DATA          G=DGROUP  M=getdate    ACBP=48
 0F3D:0BAC 0128 C=DATA   S=_DATA          G=DGROUP  M=xxv        ACBP=48
 0F3D:0CD4 0000 C=DATA   S=_DATA          G=DGROUP  M=xalloc     ACBP=48
 0F3D:0CD4 0000 C=DATA   S=_DATA          G=DGROUP  M=xmsg       ACBP=48
 0F3D:0CD4 0012 C=DATA   S=_DATA          G=DGROUP  M=xx         ACBP=48
 0F3D:0CE6 0000 C=DATA   S=_DATA          G=DGROUP  M=xxas       ACBP=48
 0F3D:0CE6 0000 C=DATA   S=_DATA          G=DGROUP  M=ctor2      ACBP=48
 0F3D:0CE6 0000 C=DATA   S=_DATA          G=DGROUP  M=ctor3      ACBP=48
 0F3D:0CE6 0066 C=DATA   S=_DATA          G=DGROUP  M=strings    ACBP=48
 0F3D:0D4C 0000 C=DATA   S=_CVTSEG        G=DGROUP  M=c0.asm     ACBP=48
 0F3D:0D4C 0002 C=DATA   S=_CVTSEG        G=DGROUP  M=realcvt2   ACBP=48
 0F3D:0D4E 0002 C=DATA   S=_CVTSEG        G=DGROUP  M=cvtfak     ACBP=48
 0F3D:0D50 0000 C=DATA   S=_CVTSEG        G=DGROUP  M=realcvt    ACBP=48
 0F3D:0D50 0000 C=DATA   S=_SCNSEG        G=DGROUP  M=c0.asm     ACBP=48
 0F3D:0D50 0006 C=DATA   S=_SCNSEG        G=DGROUP  M=cvtfak     ACBP=48
 0F3D:0D56 0000 C=CONST  S=_CONST         G=DGROUP  M=c0.asm     ACBP=48
 0F3D:0D56 0000 C=INITDATA S=_INIT_         G=DGROUP  M=c0.asm     ACBP=48
 0F3D:0D56 0006 C=INITDATA S=_INIT_         G=DGROUP  M=fpinit     ACBP=48
 0F3D:0D5C 0006 C=INITDATA S=_INIT_         G=DGROUP  M=crtinit    ACBP=48
 0F3D:0D62 0006 C=INITDATA S=_INIT_         G=DGROUP  M=setupio    ACBP=48
 0F3D:0D68 0006 C=INITDATA S=_INIT_         G=DGROUP  M=new        ACBP=48
 0F3D:0D6E 0006 C=INITDATA S=_INIT_         G=DGROUP  M=cputype    ACBP=48
 0F3D:0D74 0000 C=INITDATA S=_INITEND_      G=DGROUP  M=c0.asm     ACBP=28
 0F3D:0D74 0000 C=EXITDATA S=_EXIT_         G=DGROUP  M=c0.asm     ACBP=48
 0F3D:0D74 0006 C=EXITDATA S=_EXIT_         G=DGROUP  M=fpinit     ACBP=48
 0F3D:0D7A 0006 C=EXITDATA S=_EXIT_         G=DGROUP  M=new        ACBP=48
 0F3D:0D80 0000 C=EXITDATA S=_EXITEND_      G=DGROUP  M=c0.asm     ACBP=28
 0F3D:0D80 0000 C=BSS    S=_BSS           G=DGROUP  M=c0.asm     ACBP=48
 0F3D:0D80 0C06 C=BSS    S=_BSS           G=DGROUP  M=test.c     ACBP=48
 0F3D:1986 0001 C=BSS    S=_BSS           G=DGROUP  M=os_cpu_c.c ACBP=48
 0F3D:1988 0020 C=BSS    S=_BSS           G=DGROUP  M=pc.c       ACBP=48
 0F3D:19A8 0BDA C=BSS    S=_BSS           G=DGROUP  M=ucos_ii.c  ACBP=48
 0F3D:2582 0000 C=BSS    S=_BSS           G=DGROUP  M=realcvt2   ACBP=48
 0F3D:2582 0000 C=BSS    S=_BSS           G=DGROUP  M=xcvt       ACBP=48
 0F3D:2582 0000 C=BSS    S=_BSS           G=DGROUP  M=_pow10     ACBP=48
 0F3D:2582 0000 C=BSS    S=_BSS           G=DGROUP  M=vram       ACBP=48
 0F3D:2582 0000 C=BSS    S=_BSS           G=DGROUP  M=crtinit    ACBP=48
 0F3D:2582 0000 C=BSS    S=_BSS           G=DGROUP  M=getch      ACBP=48
 0F3D:2582 0000 C=BSS    S=_BSS           G=DGROUP  M=kbhit      ACBP=48
 0F3D:2582 0000 C=BSS    S=_BSS           G=DGROUP  M=memcmp     ACBP=48
 0F3D:2582 0000 C=BSS    S=_BSS           G=DGROUP  M=memcpy     ACBP=48
 0F3D:2582 0000 C=BSS    S=_BSS           G=DGROUP  M=memset     ACBP=48
 0F3D:2582 0000 C=BSS    S=_BSS           G=DGROUP  M=movmem     ACBP=48
 0F3D:2582 0000 C=BSS    S=_BSS           G=DGROUP  M=strcmp     ACBP=48
 0F3D:2582 0000 C=BSS    S=_BSS           G=DGROUP  M=strlen     ACBP=48
 0F3D:2582 0000 C=BSS    S=_BSS           G=DGROUP  M=setupio    ACBP=48
 0F3D:2582 0000 C=BSS    S=_BSS           G=DGROUP  M=ioerror    ACBP=48
 0F3D:2582 0000 C=BSS    S=_BSS           G=DGROUP  M=isatty     ACBP=48
 0F3D:2582 0000 C=BSS    S=_BSS           G=DGROUP  M=lseek      ACBP=48
 0F3D:2582 0000 C=BSS    S=_BSS           G=DGROUP  M=vprinter   ACBP=48
 0F3D:2582 0001 C=BSS    S=_BSS           G=DGROUP  M=putc       ACBP=48
 0F3D:2584 0000 C=BSS    S=_BSS           G=DGROUP  M=writea     ACBP=48
 0F3D:2584 0000 C=BSS    S=_BSS           G=DGROUP  M=longtoa    ACBP=48
 0F3D:2584 0000 C=BSS    S=_BSS           G=DGROUP  M=new        ACBP=48
 0F3D:2584 0000 C=BSS    S=_BSS           G=DGROUP  M=setblock   ACBP=48
 0F3D:2584 0080 C=BSS    S=_BSS           G=DGROUP  M=atexit     ACBP=48
 0F3D:2604 0004 C=BSS    S=_BSS           G=DGROUP  M=sigdata    ACBP=48
 0F3D:2608 0000 C=BSS    S=_BSS           G=DGROUP  M=getvect    ACBP=48
 0F3D:2608 0008 C=BSS    S=_BSS           G=DGROUP  M=signal     ACBP=48
 0F3D:2610 0000 C=BSS    S=_BSS           G=DGROUP  M=setjmp     ACBP=48
 0F3D:2610 0004 C=BSS    S=_BSS           G=DGROUP  M=xxv        ACBP=48
 0F3D:2614 000B C=BSS    S=_BSS           G=DGROUP  M=xx         ACBP=48
 0F3D:2620 0000 C=BSS    S=_BSS           G=DGROUP  M=xxas       ACBP=48
 0F3D:2620 0000 C=BSS    S=_BSS           G=DGROUP  M=ctor2      ACBP=48
 0F3D:2620 0000 C=BSS    S=_BSS           G=DGROUP  M=ctor3      ACBP=48
 0F3D:2620 0000 C=BSS    S=_BSS           G=DGROUP  M=strings    ACBP=48
 0F3D:2620 0000 C=BSSEND S=_BSSEND        G=DGROUP  M=c0.asm     ACBP=28
 119F:0000 0131 C=STACK  S=_STACK         G=(none)  M=c0.asm     ACBP=74
 119F:0000 0080 C=STACK  S=_STACK         G=(none)  M=emuvars    ACBP=78

  Address         Publics by Name

 0000:294E       operator delete(void far*)
 0000:2964       operator delete[](void far*)
 0000:2A2F       operator new(unsigned int)
 0000:2A01 idle  set_new_handler(void(far*)())
 0000:39A0 idle  set_terminate(void(far*)())
 0000:3A94 idle  set_unexpected(void(far*)())
 0E78:0000       string::string(const string far&)
 0E78:00E9       string::string(const char far*)
 0E78:0305       string::~string()
 0E78:038B idle  string::assert_element(unsigned int) const
 0E78:0449 idle  string::assert_index(unsigned int) const
 0F3D:0CE6 idle  string::case_sensitive
 0F3D:0CF0 idle  string::freeboard
 0F3D:0CEC idle  string::initial_capac
 0E78:0A94 idle  string::initial_capacity(unsigned int)
 0E78:0ADB idle  string::max_waste(unsigned int)
 0F3D:0CE8 idle  string::paranoid_check
 0F3D:0CEE idle  string::resize_inc
 0E78:0AB1 idle  string::resize_increment(unsigned int)
 0E78:0A3D idle  string::set_case_sensitive(int)
 0E78:0A5A idle  string::set_paranoid_check(int)
 0F3D:0CEA idle  string::skip_white
 0E78:0A77 idle  string::skip_whitespace(int)
 0000:3996 idle  terminate()
 0E78:05C2       tstringref::tstringref(const char far*,unsigned int,const char far*,unsigned int,unsigned int)
 0E78:06A8       tstringref::~tstringref()
 0E78:0776 idle  tstringref::check_freeboard()
 0E78:07DE idle  tstringref::grow_to(unsigned int)
 0E78:0708 idle  tstringref::reserve(unsigned int)
 0E78:0840 idle  tstringref::round_capacity(unsigned int)
 0E78:087F idle  tstringref::splice(unsigned int,unsigned int,const char far*,unsigned int)
 0E78:0507 idle  tsubstring::assert_element(unsigned int) const
 0000:6D57 idle  typeinfo::operator =(const typeinfo far&)
 0000:6CE9 idle  typeinfo::typeinfo(const typeinfo far&)
 0000:6D66 idle  typeinfo::~typeinfo()
 0000:6D9A idle  typeinfo::operator ==(const typeinfo far&) const
 0000:6DC0 idle  typeinfo::operator !=(const typeinfo far&) const
 0000:6DE1 idle  typeinfo::before(const typeinfo far&) const
 0000:6E59 idle  typeinfo::name() const
 0000:3A8B idle  unexpected()
 0000:3C1F       xalloc::xalloc(const string far&,unsigned int)
 0000:3C9E       xalloc::raise()
 0000:409D idle  xmsg::operator =(const xmsg far&)
 0000:3F0F       xmsg::xmsg(const xmsg far&)
 0000:3E44       xmsg::xmsg(const string far&)
 0000:3FBA       xmsg::~xmsg()
 0000:4026 idle  xmsg::raise()
 0000:2996 idle  xnew_handler()
 0000:580F       _catchcleanup()
 0000:50B7 idle  _rethrowexception(unsigned int,unsigned char far*)
 0000:505E       _throwexception(void far*,void far*,void far*,void far*,unsigned int,unsigned int,unsigned int,unsigned char far*)
 0000:713C idle  __dynamiccast(void far*,void far*,void far*,void far*,int)
 0000:3B25 idle  __getpolymorphicdtc(void far*,unsigned int)
 0000:3B79 idle  __getpolymorphicdtcfar(void far*,unsigned int)
 0000:6E73 idle  __gettypeinfo(void far*,void far*,void far*,void far*)
 0000:7329       __refdestructorcount()
 0000:732F idle  __refexceptionlist()
 0000:6CD7 idle  __throwexceptionname()
 0000:6CB7 idle  __throwfilename()
 0000:6CC9 idle  __throwlinenumber()
 0F3D:0000 idle  DATASEG@
 0000:026D idle  DGROUP@
 0C01:213F       e086_Entry
 0C01:26CD       e086_Shortcut
 0BA5:04E0       e087_Entry
 0BA5:05A3       e087_Shortcut
 0BA5:003F       e087_Trap
 0C01:25E9 idle  e287_FPU_Control
 0C01:273E idle  EmuVectorException
 0000:FE32 idle  FIARQQ
 0000:0E32 idle  FICRQQ
 0000:5C32  Abs  FIDRQQ
 0000:1632  Abs  FIERQQ
 0000:0632 idle  FISRQQ
 0000:A23D  Abs  FIWRQQ
 0000:4000 idle  FJARQQ
 0000:C000 idle  FJCRQQ
 0000:8000 idle  FJSRQQ
 0000:2743       F_LDIV@
 0000:2752 idle  F_LMOD@
 0000:274A       F_LUDIV@
 0000:275A idle  F_LUMOD@
 0000:27F1       F_LXLSH@
 0000:2729       F_LXMUL@
 0000:2812       F_LXURSH@
 0000:3221 idle  F_PADD@
 0000:3250 idle  F_PSUB@
 0000:2743 idle  LDIV@
 0000:2752 idle  LMOD@
 0000:274A idle  LUDIV@
 0000:275A idle  LUMOD@
 0000:27F1 idle  LXLSH@
 0000:2729 idle  LXMUL@
 0000:2812 idle  LXURSH@
 0000:2740 idle  N_LDIV@
 0000:274F idle  N_LMOD@
 0000:2747       N_LUDIV@
 0000:2757 idle  N_LUMOD@
 0000:27EE       N_LXLSH@
 0000:2830       N_LXMUL@
 0000:280F idle  N_LXURSH@
 0000:321E       N_PADD@
 0000:327E       N_PCMP@
 0000:324D idle  N_PSUB@
 0000:3221 idle  PADD@
 0000:3250 idle  PSUB@
 0C01:2151 idle  rs1
 0C01:26A2 idle  rs2
 0000:3325       _abort
 0000:3339 idle  _atexit
 0000:0C19 idle  _cprintf
 0F3D:007E       _errno
 0000:33C9       _exit
 0000:2DAC idle  _farfree
 0000:2EC0 idle  _farmalloc
 0000:3024 idle  _farrealloc
 0000:1B0E       _fflush
 0000:1BDF       _flushall
 0000:1CAE       _fprintf
 0000:1FC0 idle  _fputc
 0000:214B idle  _fputchar
 0000:1CCE       _fputs
 0000:2DAC       _free
 0000:1DAC       _fseek
 0000:1E2E idle  _ftell
 0000:1315       _getch
 0000:1335 idle  _getche
 0000:3968       _getdate
 0000:0C37       _gettext
 0000:397F       _gettime
 0000:342F       _getvect
 0000:15F1       _isatty
 0000:1389       _kbhit
 0000:271F idle  _localeconv
 0000:38DA       _longjmp
 0000:1606       _lseek
 0773:0002       _main
 0000:2EB6       _malloc
 0000:139F       _memcmp
 0000:13C7       _memcpy
 0000:1485       _memmove
 0000:1411       _memset
 0000:0CFF       _movetext
 0000:1433 idle  _movmem
 0F3D:19EC       _OSCPUUsage
 07B9:0026       _OSCtxSw
 0F3D:19A8       _OSCtxSwCtr
 0F3D:19AC idle  _OSEventFreeList
 0F3D:19B0 idle  _OSEventTbl
 081F:08F3 idle  _OSFlagAccept
 081F:0A37 idle  _OSFlagCreate
 081F:0AB0 idle  _OSFlagDel
 0F3D:19E8 idle  _OSFlagFreeList
 081F:0BF4 idle  _OSFlagPend
 081F:0E69 idle  _OSFlagPost
 081F:100B idle  _OSFlagQuery
 0F3D:19C4 idle  _OSFlagTbl
 0F3D:1E02 idle  _OSIdleCtr
 0F3D:19EE idle  _OSIdleCtrMax
 0F3D:19F2 idle  _OSIdleCtrRun
 081F:000A       _OSInit
 07C6:000E       _OSInitHookBegin
 07C6:0013       _OSInitHookEnd
 07B9:0061       _OSIntCtxSw
 081F:0046 idle  _OSIntEnter
 081F:005D       _OSIntExit
 0F3D:1DF9 idle  _OSIntExitY
 0F3D:1DF8       _OSIntNesting
 0F3D:1DFA idle  _OSLockNesting
 0F3D:0322 idle  _OSMapTbl
 081F:12A6 idle  _OSMboxAccept
 081F:12EF idle  _OSMboxCreate
 081F:1365 idle  _OSMboxDel
 081F:148A idle  _OSMboxPend
 081F:158E idle  _OSMboxPost
 081F:160A idle  _OSMboxPostOpt
 081F:16B3 idle  _OSMboxQuery
 081F:1745 idle  _OSMemCreate
 0F3D:24E2 idle  _OSMemFreeList
 081F:1895 idle  _OSMemGet
 081F:1917 idle  _OSMemPut
 081F:198B idle  _OSMemQuery
 0F3D:24E6 idle  _OSMemTbl
 081F:1AE5 idle  _OSMutexAccept
 081F:1B74 idle  _OSMutexCreate
 081F:1C5C idle  _OSMutexDel
 081F:1DBF idle  _OSMutexPend
 081F:1FA4 idle  _OSMutexPost
 081F:2131 idle  _OSMutexQuery
 0F3D:1DFB       _OSPrioCur
 0F3D:1DFC       _OSPrioHighRdy
 081F:21ED idle  _OSQAccept
 081F:2287 idle  _OSQCreate
 081F:23A0 idle  _OSQDel
 081F:2526 idle  _OSQFlush
 0F3D:254A idle  _OSQFreeList
 081F:2582 idle  _OSQPend
 081F:26C6 idle  _OSQPost
 081F:278E idle  _OSQPostFront
 081F:2857 idle  _OSQPostOpt
 081F:2997 idle  _OSQQuery
 0F3D:254E idle  _OSQTbl
 0F3D:1DFD idle  _OSRdyGrp
 0F3D:1DFE idle  _OSRdyTbl
 0F3D:1E00       _OSRunning
 081F:00DA idle  _OSSchedLock
 081F:00F4 idle  _OSSchedUnlock
 081F:2AC6 idle  _OSSemAccept
 081F:2AF8       _OSSemCreate
 081F:2B6D idle  _OSSemDel
 081F:2C92       _OSSemPend
 081F:2D48       _OSSemPost
 081F:2DA6 idle  _OSSemQuery
 081F:0127       _OSStart
 07B9:0008       _OSStartHighRdy
 081F:018A       _OSStatInit
 0F3D:19F6 idle  _OSStatRdy
 081F:2E30 idle  _OSTaskChangePrio
 081F:3001       _OSTaskCreate
 081F:30C3 idle  _OSTaskCreateExt
 07C6:0018       _OSTaskCreateHook
 0F3D:1E01       _OSTaskCtr
 081F:31AE idle  _OSTaskDel
 07C6:001D       _OSTaskDelHook
 081F:3380 idle  _OSTaskDelReq
 07C6:0022       _OSTaskIdleHook
 0F3D:1E06 idle  _OSTaskIdleStk
 081F:35FE idle  _OSTaskQuery
 081F:33ED idle  _OSTaskResume
 07C6:0027       _OSTaskStatHook
 0F3D:19F8 idle  _OSTaskStatStk
 081F:346D idle  _OSTaskStkChk
 07C6:002C       _OSTaskStkInit
 07C6:0116 idle  _OSTaskStkInit_FPE_x86
 081F:3553 idle  _OSTaskSuspend
 07C6:01ED       _OSTaskSwHook
 0F3D:2206       _OSTCBCur
 0F3D:220A idle  _OSTCBFreeList
 0F3D:220E       _OSTCBHighRdy
 07C6:01F2       _OSTCBInitHook
 0F3D:2212 idle  _OSTCBList
 0F3D:2216 idle  _OSTCBPrioTbl
 0F3D:224A idle  _OSTCBTbl
 0F3D:1986       _OSTickDOSCtr
 07B9:008E       _OSTickISR
 0F3D:257E idle  _OSTime
 081F:3665       _OSTimeDly
 081F:36B0       _OSTimeDlyHMSM
 081F:37A5 idle  _OSTimeDlyResume
 081F:381E idle  _OSTimeGet
 081F:3840 idle  _OSTimeSet
 081F:01C9       _OSTimeTick
 07C6:01F7       _OSTimeTickHook
 0F3D:032A idle  _OSUnMapTbl
 081F:025B       _OSVersion
 081F:0263 idle  _OS_Dummy
 081F:0268 idle  _OS_EventTaskRdy
 081F:033B idle  _OS_EventTaskWait
 081F:03A4 idle  _OS_EventTO
 081F:03F4 idle  _OS_EventWaitListInit
 081F:1132 idle  _OS_FlagInit
 081F:11F9 idle  _OS_FlagUnlink
 081F:1A3A idle  _OS_MemInit
 081F:2A72 idle  _OS_QInit
 081F:060A idle  _OS_Sched
 081F:066F idle  _OS_TaskIdle
 081F:0698 idle  _OS_TaskStat
 081F:0768 idle  _OS_TCBInit
 07E5:000C       _PC_DispChar
 07E5:004D idle  _PC_DispClrCol
 07E5:0096 idle  _PC_DispClrRow
 07E5:00D2       _PC_DispClrScr
 07E5:0107       _PC_DispStr
 07E5:0159       _PC_DOSReturn
 07E5:0171       _PC_DOSSaveReturn
 07E5:01DA idle  _PC_ElapsedInit
 07E5:01F2 idle  _PC_ElapsedStart
 07E5:021C idle  _PC_ElapsedStop
 07E5:0271 idle  _PC_GetDateTime
 07E5:02C2       _PC_GetKey
 07E5:02ED       _PC_SetTickRate
 0F3D:19A4 idle  _PC_TickISR
 07E5:033A idle  _PC_VectGet
 07E5:0375       _PC_VectSet
 0000:1F0F idle  _perror
 0000:08C4       _pow10
 0000:0DA7       _putch
 0000:0C9B       _puttext
 0000:37FC       _raise
 0000:523E idle  _RaiseException
 0000:285C       _rand
 0F3D:1982 idle  _RandomSem
 0000:301D       _realloc
 0000:31FE       _setblock
 0000:3893       _setjmp
 0000:13EB idle  _setmem
 0000:236E       _setvbuf
 0000:3442       _setvect
 0000:36CE idle  _signal
 0000:24D4       _sprintf
 0000:2847 idle  _srand
 0000:14AA       _strcmp
 0000:14DA       _strlen
 0773:03BC idle  _Task
 0F3D:1980 idle  _TaskData
 0773:0057 idle  _TaskStart
 0F3D:1580 idle  _TaskStartStk
 0F3D:0D80 idle  _TaskStk
 0000:1367 idle  _ungetch
 0000:24FA idle  _vsprintf
 0000:1132 idle  _wherex
 0000:1145 idle  _wherey
 0F3D:0B54       __8086
 0F3D:0430       __8087
 0000:3414       __abort
 0000:1000 idle  __AHINCR
 0000:000C idle  __AHSHIFT
 0F3D:0B56       __atexitcnt
 0F3D:2584       __atexittbl
 0000:312C       __brk
 0F3D:0088       __brklvl
 0F3D:006A idle  __C0argc
 0F3D:006C idle  __C0argv
 0000:122E idle  __c0crtinit
 0F3D:0070 idle  __C0environ
 0F3D:056F       __cChar
 0000:33F2 idle  __cexit
 0F3D:056E       __cFlag
 0000:0159       __checknull
 0000:0146       __cleanup
 0000:0AE7       __CPUTN
 0000:124F idle  __crtinit
 0000:6C62       __CurrExcContext
 0000:0000  Abs  __cvtfak
 0000:3404 idle  __c_exit
 0F3D:0432       __default87
 0F3D:2610 idle  __DestructorCountPtr
 0F3D:0564       __directvideo
 0F3D:072A idle  __doserrno
 0000:15DD idle  __DOSERROR
 0F3D:072C idle  __dosErrorToSV
 119F:0020       __emu
 0F3D:0074 idle  __envLng
 0F3D:0076 idle  __envseg
 0F3D:0078 idle  __envSize
 0000:3BD1       __ExceptInit
 0000:5F22       __ExceptionHandler
 0F3D:0080 idle  __Exception_list
 0000:33DC       __exit
 0F3D:0B58       __exitbuf
 0F3D:0B5C idle  __exitfopen
 0F3D:0B60 idle  __exitopen
 0000:1C2B       __flushout
 0000:099A       __fperror
 0F3D:0B04       __fpstklen
 0000:04D8       __fpuint
 0000:1FA0 idle  __fputc
 0000:2163       __FPUTN
 0000:51F2       __Global_unwind
 0F3D:0084       __heapbase
 0F3D:008C       __heaptop
 0F3D:005A idle  __Int0Vector
 0F3D:005E idle  __Int4Vector
 0F3D:0062 idle  __Int5Vector
 0F3D:0066 idle  __Int6Vector
 0000:159F       __IOERROR
 0F3D:0436 idle  __LDT
 0F3D:0AC4       __localeconvention
 0000:5E4C       __Local_unwind
 0000:2885       __LONGTOA
 0000:026F idle  __MMODEL
 0F3D:0B40 idle  __new_handler
 0F3D:0700       __nfile
 0000:1332 idle  __Ngetche
 0000:1364 idle  __Nungetch
 0F3D:0702       __openfd
 0F3D:007C idle  __osmajor
 0F3D:007D idle  __osminor
 0F3D:007C idle  __osversion
 0000:08CF       __POW10
 0F3D:0434       __protected
 0F3D:007A       __psp
 0000:294A       __REALCVT
 0F3D:0D4C       __RealCvtVector
 0000:01BB       __restorezero
 0000:5E6C idle  __Return_unwind
 0000:26C4       __rtl_write
 0000:316F       __sbrk
 0F3D:0D50 idle  __ScanTodVector
 0000:0F04       __SCREENIO
 0000:0FC1       __SCROLL
 0000:14FB       __setupio
 0F3D:0B38       __stklen
 0F3D:0570       __streams
 0F3D:07EE idle  __sys_errlist
 0F3D:08AE       __sys_nerr
 0000:015A       __terminate
 0000:0000 idle  __turboCrt
 0000:0000  Abs  __turboCvt
 0000:2907 idle  __UTOA
 0000:0F42       __VALIDATEXY
 0F3D:007C       __version
 0F3D:0554       __video
 0000:119F       __VideoInt
 0000:164B       __VPRINTER
 0000:0A49       __VPTR
 0000:0A6D       __VRAM
 0000:1124       __wherexy
 0000:2703 idle  __write
 0F3D:0552       __wscroll
 0000:06AE       __XCVT
 0000:2685       __xfflush
 0F3D:0082 idle  ___brklvl
 0000:3A0C       ___call_terminate
 0000:3AD6       ___call_unexpected
 0F3D:0BAC idle  ___CPPexceptionList
 0000:329F       ___ErrorMessage
 0F3D:0BB0 idle  ___exceptFlags
 0F3D:0BD4 idle  ___exceptionNameBuff
 0F3D:0BD0 idle  ___exceptMemAllocVars
 0F3D:0BCC idle  ___exceptStaticBuffP
 0F3D:0C54 idle  ___ExceptStaticXbuff
 0000:73A4       ___ExitExceptBlocks
 0000:2C6C idle  ___first
 0000:03EF idle  ___fpreset
 0000:7335       ___InitExceptBlocks
 0000:41DB idle  ___JumpToCatch__
 0000:2C6E idle  ___last
 0000:2C70 idle  ___rover
 0F3D:0BB2 idle  ___savedDS
 0F3D:0BB4 idle  ___savedSI
 0F3D:2604       ___SignalPtr
 0F3D:0BB6 idle  ___terminatePTR
 0F3D:0BBE idle  ___terminate_DS
 0F3D:0BC8 idle  ___throwExceptionName
 0F3D:0BC2 idle  ___throwFileName
 0F3D:0BC6 idle  ___throwLineNumber
 0F3D:0BBA idle  ___unexpectdPTR
 0F3D:0BC0 idle  ___unexpectd_DS
 0000:251F       ___write
 0F3D:0B3A       ___xalloc

  Address         Publics by Value

 0000:0000  Abs  __turboCvt
 0000:0000  Abs  __cvtfak
 0000:0000 idle  __turboCrt
 0000:000C idle  __AHSHIFT
 0000:0632 idle  FISRQQ
 0000:0E32 idle  FICRQQ
 0000:1000 idle  __AHINCR
 0000:1632  Abs  FIERQQ
 0000:4000 idle  FJARQQ
 0000:5C32  Abs  FIDRQQ
 0000:8000 idle  FJSRQQ
 0000:A23D  Abs  FIWRQQ
 0000:C000 idle  FJCRQQ
 0000:FE32 idle  FIARQQ
 0000:0146       __cleanup
 0000:0159       __checknull
 0000:015A       __terminate
 0000:01BB       __restorezero
 0000:026D idle  DGROUP@
 0000:026F idle  __MMODEL
 0000:03EF idle  ___fpreset
 0000:04D8       __fpuint
 0000:06AE       __XCVT
 0000:08C4       _pow10
 0000:08CF       __POW10
 0000:099A       __fperror
 0000:0A49       __VPTR
 0000:0A6D       __VRAM
 0000:0AE7       __CPUTN
 0000:0C19 idle  _cprintf
 0000:0C37       _gettext
 0000:0C9B       _puttext
 0000:0CFF       _movetext
 0000:0DA7       _putch
 0000:0F04       __SCREENIO
 0000:0F42       __VALIDATEXY
 0000:0FC1       __SCROLL
 0000:1124       __wherexy
 0000:1132 idle  _wherex
 0000:1145 idle  _wherey
 0000:119F       __VideoInt
 0000:122E idle  __c0crtinit
 0000:124F idle  __crtinit
 0000:1315       _getch
 0000:1332 idle  __Ngetche
 0000:1335 idle  _getche
 0000:1364 idle  __Nungetch
 0000:1367 idle  _ungetch
 0000:1389       _kbhit
 0000:139F       _memcmp
 0000:13C7       _memcpy
 0000:13EB idle  _setmem
 0000:1411       _memset
 0000:1433 idle  _movmem
 0000:1485       _memmove
 0000:14AA       _strcmp
 0000:14DA       _strlen
 0000:14FB       __setupio
 0000:159F       __IOERROR
 0000:15DD idle  __DOSERROR
 0000:15F1       _isatty
 0000:1606       _lseek
 0000:164B       __VPRINTER
 0000:1B0E       _fflush
 0000:1BDF       _flushall
 0000:1C2B       __flushout
 0000:1CAE       _fprintf
 0000:1CCE       _fputs
 0000:1DAC       _fseek
 0000:1E2E idle  _ftell
 0000:1F0F idle  _perror
 0000:1FA0 idle  __fputc
 0000:1FC0 idle  _fputc
 0000:214B idle  _fputchar
 0000:2163       __FPUTN
 0000:236E       _setvbuf
 0000:24D4       _sprintf
 0000:24FA idle  _vsprintf
 0000:251F       ___write
 0000:2685       __xfflush
 0000:26C4       __rtl_write
 0000:2703 idle  __write
 0000:271F idle  _localeconv
 0000:2729       F_LXMUL@
 0000:2729 idle  LXMUL@
 0000:2740 idle  N_LDIV@
 0000:2743 idle  LDIV@
 0000:2743       F_LDIV@
 0000:2747       N_LUDIV@
 0000:274A       F_LUDIV@
 0000:274A idle  LUDIV@
 0000:274F idle  N_LMOD@
 0000:2752 idle  F_LMOD@
 0000:2752 idle  LMOD@
 0000:2757 idle  N_LUMOD@
 0000:275A idle  F_LUMOD@
 0000:275A idle  LUMOD@
 0000:27EE       N_LXLSH@
 0000:27F1 idle  LXLSH@
 0000:27F1       F_LXLSH@
 0000:280F idle  N_LXURSH@
 0000:2812       F_LXURSH@
 0000:2812 idle  LXURSH@
 0000:2830       N_LXMUL@
 0000:2847 idle  _srand
 0000:285C       _rand
 0000:2885       __LONGTOA
 0000:2907 idle  __UTOA
 0000:294A       __REALCVT
 0000:294E       operator delete(void far*)
 0000:2964       operator delete[](void far*)
 0000:2996 idle  xnew_handler()
 0000:2A01 idle  set_new_handler(void(far*)())
 0000:2A2F       operator new(unsigned int)
 0000:2C6C idle  ___first
 0000:2C6E idle  ___last
 0000:2C70 idle  ___rover
 0000:2DAC idle  _farfree
 0000:2DAC       _free
 0000:2EB6       _malloc
 0000:2EC0 idle  _farmalloc
 0000:301D       _realloc
 0000:3024 idle  _farrealloc
 0000:312C       __brk
 0000:316F       __sbrk
 0000:31FE       _setblock
 0000:321E       N_PADD@
 0000:3221 idle  PADD@
 0000:3221 idle  F_PADD@
 0000:324D idle  N_PSUB@
 0000:3250 idle  PSUB@
 0000:3250 idle  F_PSUB@
 0000:327E       N_PCMP@
 0000:329F       ___ErrorMessage
 0000:3325       _abort
 0000:3339 idle  _atexit
 0000:33C9       _exit
 0000:33DC       __exit
 0000:33F2 idle  __cexit
 0000:3404 idle  __c_exit
 0000:3414       __abort
 0000:342F       _getvect
 0000:3442       _setvect
 0000:36CE idle  _signal
 0000:37FC       _raise
 0000:3893       _setjmp
 0000:38DA       _longjmp
 0000:3968       _getdate
 0000:397F       _gettime
 0000:3996 idle  terminate()
 0000:39A0 idle  set_terminate(void(far*)())
 0000:3A0C       ___call_terminate
 0000:3A8B idle  unexpected()
 0000:3A94 idle  set_unexpected(void(far*)())
 0000:3AD6       ___call_unexpected
 0000:3B25 idle  __getpolymorphicdtc(void far*,unsigned int)
 0000:3B79 idle  __getpolymorphicdtcfar(void far*,unsigned int)
 0000:3BD1       __ExceptInit
 0000:3C1F       xalloc::xalloc(const string far&,unsigned int)
 0000:3C9E       xalloc::raise()
 0000:3E44       xmsg::xmsg(const string far&)
 0000:3F0F       xmsg::xmsg(const xmsg far&)
 0000:3FBA       xmsg::~xmsg()
 0000:4026 idle  xmsg::raise()
 0000:409D idle  xmsg::operator =(const xmsg far&)
 0000:41DB idle  ___JumpToCatch__
 0000:505E       _throwexception(void far*,void far*,void far*,void far*,unsigned int,unsigned int,unsigned int,unsigned char far*)
 0000:50B7 idle  _rethrowexception(unsigned int,unsigned char far*)
 0000:51F2       __Global_unwind
 0000:523E idle  _RaiseException
 0000:580F       _catchcleanup()
 0000:5E4C       __Local_unwind
 0000:5E6C idle  __Return_unwind
 0000:5F22       __ExceptionHandler
 0000:6C62       __CurrExcContext
 0000:6CB7 idle  __throwfilename()
 0000:6CC9 idle  __throwlinenumber()
 0000:6CD7 idle  __throwexceptionname()
 0000:6CE9 idle  typeinfo::typeinfo(const typeinfo far&)
 0000:6D57 idle  typeinfo::operator =(const typeinfo far&)
 0000:6D66 idle  typeinfo::~typeinfo()
 0000:6D9A idle  typeinfo::operator ==(const typeinfo far&) const
 0000:6DC0 idle  typeinfo::operator !=(const typeinfo far&) const
 0000:6DE1 idle  typeinfo::before(const typeinfo far&) const
 0000:6E59 idle  typeinfo::name() const
 0000:6E73 idle  __gettypeinfo(void far*,void far*,void far*,void far*)
 0000:713C idle  __dynamiccast(void far*,void far*,void far*,void far*,int)
 0000:7329       __refdestructorcount()
 0000:732F idle  __refexceptionlist()
 0000:7335       ___InitExceptBlocks
 0000:73A4       ___ExitExceptBlocks
 0773:0002       _main
 0773:0057 idle  _TaskStart
 0773:03BC idle  _Task
 07B9:0008       _OSStartHighRdy
 07B9:0026       _OSCtxSw
 07B9:0061       _OSIntCtxSw
 07B9:008E       _OSTickISR
 07C6:000E       _OSInitHookBegin
 07C6:0013       _OSInitHookEnd
 07C6:0018       _OSTaskCreateHook
 07C6:001D       _OSTaskDelHook
 07C6:0022       _OSTaskIdleHook
 07C6:0027       _OSTaskStatHook
 07C6:002C       _OSTaskStkInit
 07C6:0116 idle  _OSTaskStkInit_FPE_x86
 07C6:01ED       _OSTaskSwHook
 07C6:01F2       _OSTCBInitHook
 07C6:01F7       _OSTimeTickHook
 07E5:000C       _PC_DispChar
 07E5:004D idle  _PC_DispClrCol
 07E5:0096 idle  _PC_DispClrRow
 07E5:00D2       _PC_DispClrScr
 07E5:0107       _PC_DispStr
 07E5:0159       _PC_DOSReturn
 07E5:0171       _PC_DOSSaveReturn
 07E5:01DA idle  _PC_ElapsedInit
 07E5:01F2 idle  _PC_ElapsedStart
 07E5:021C idle  _PC_ElapsedStop
 07E5:0271 idle  _PC_GetDateTime
 07E5:02C2       _PC_GetKey
 07E5:02ED       _PC_SetTickRate
 07E5:033A idle  _PC_VectGet
 07E5:0375       _PC_VectSet
 081F:000A       _OSInit
 081F:0046 idle  _OSIntEnter
 081F:005D       _OSIntExit
 081F:00DA idle  _OSSchedLock
 081F:00F4 idle  _OSSchedUnlock
 081F:0127       _OSStart
 081F:018A       _OSStatInit
 081F:01C9       _OSTimeTick
 081F:025B       _OSVersion
 081F:0263 idle  _OS_Dummy
 081F:0268 idle  _OS_EventTaskRdy
 081F:033B idle  _OS_EventTaskWait
 081F:03A4 idle  _OS_EventTO
 081F:03F4 idle  _OS_EventWaitListInit
 081F:060A idle  _OS_Sched
 081F:066F idle  _OS_TaskIdle
 081F:0698 idle  _OS_TaskStat
 081F:0768 idle  _OS_TCBInit
 081F:08F3 idle  _OSFlagAccept
 081F:0A37 idle  _OSFlagCreate
 081F:0AB0 idle  _OSFlagDel
 081F:0BF4 idle  _OSFlagPend
 081F:0E69 idle  _OSFlagPost
 081F:100B idle  _OSFlagQuery
 081F:1132 idle  _OS_FlagInit
 081F:11F9 idle  _OS_FlagUnlink
 081F:12A6 idle  _OSMboxAccept
 081F:12EF idle  _OSMboxCreate
 081F:1365 idle  _OSMboxDel
 081F:148A idle  _OSMboxPend
 081F:158E idle  _OSMboxPost
 081F:160A idle  _OSMboxPostOpt
 081F:16B3 idle  _OSMboxQuery
 081F:1745 idle  _OSMemCreate
 081F:1895 idle  _OSMemGet
 081F:1917 idle  _OSMemPut
 081F:198B idle  _OSMemQuery
 081F:1A3A idle  _OS_MemInit
 081F:1AE5 idle  _OSMutexAccept
 081F:1B74 idle  _OSMutexCreate
 081F:1C5C idle  _OSMutexDel
 081F:1DBF idle  _OSMutexPend
 081F:1FA4 idle  _OSMutexPost
 081F:2131 idle  _OSMutexQuery
 081F:21ED idle  _OSQAccept
 081F:2287 idle  _OSQCreate
 081F:23A0 idle  _OSQDel
 081F:2526 idle  _OSQFlush
 081F:2582 idle  _OSQPend
 081F:26C6 idle  _OSQPost
 081F:278E idle  _OSQPostFront
 081F:2857 idle  _OSQPostOpt
 081F:2997 idle  _OSQQuery
 081F:2A72 idle  _OS_QInit
 081F:2AC6 idle  _OSSemAccept
 081F:2AF8       _OSSemCreate
 081F:2B6D idle  _OSSemDel
 081F:2C92       _OSSemPend
 081F:2D48       _OSSemPost
 081F:2DA6 idle  _OSSemQuery
 081F:2E30 idle  _OSTaskChangePrio
 081F:3001       _OSTaskCreate
 081F:30C3 idle  _OSTaskCreateExt
 081F:31AE idle  _OSTaskDel
 081F:3380 idle  _OSTaskDelReq
 081F:33ED idle  _OSTaskResume
 081F:346D idle  _OSTaskStkChk
 081F:3553 idle  _OSTaskSuspend
 081F:35FE idle  _OSTaskQuery
 081F:3665       _OSTimeDly
 081F:36B0       _OSTimeDlyHMSM
 081F:37A5 idle  _OSTimeDlyResume
 081F:381E idle  _OSTimeGet
 081F:3840 idle  _OSTimeSet
 0BA5:003F       e087_Trap
 0BA5:04E0       e087_Entry
 0BA5:05A3       e087_Shortcut
 0C01:213F       e086_Entry
 0C01:2151 idle  rs1
 0C01:25E9 idle  e287_FPU_Control
 0C01:26A2 idle  rs2
 0C01:26CD       e086_Shortcut
 0C01:273E idle  EmuVectorException
 0E78:0000       string::string(const string far&)
 0E78:00E9       string::string(const char far*)
 0E78:0305       string::~string()
 0E78:038B idle  string::assert_element(unsigned int) const
 0E78:0449 idle  string::assert_index(unsigned int) const
 0E78:0507 idle  tsubstring::assert_element(unsigned int) const
 0E78:05C2       tstringref::tstringref(const char far*,unsigned int,const char far*,unsigned int,unsigned int)
 0E78:06A8       tstringref::~tstringref()
 0E78:0708 idle  tstringref::reserve(unsigned int)
 0E78:0776 idle  tstringref::check_freeboard()
 0E78:07DE idle  tstringref::grow_to(unsigned int)
 0E78:0840 idle  tstringref::round_capacity(unsigned int)
 0E78:087F idle  tstringref::splice(unsigned int,unsigned int,const char far*,unsigned int)
 0E78:0A3D idle  string::set_case_sensitive(int)
 0E78:0A5A idle  string::set_paranoid_check(int)
 0E78:0A77 idle  string::skip_whitespace(int)
 0E78:0A94 idle  string::initial_capacity(unsigned int)
 0E78:0AB1 idle  string::resize_increment(unsigned int)
 0E78:0ADB idle  string::max_waste(unsigned int)
 0F3D:0000 idle  DATASEG@
 0F3D:005A idle  __Int0Vector
 0F3D:005E idle  __Int4Vector
 0F3D:0062 idle  __Int5Vector
 0F3D:0066 idle  __Int6Vector
 0F3D:006A idle  __C0argc
 0F3D:006C idle  __C0argv
 0F3D:0070 idle  __C0environ
 0F3D:0074 idle  __envLng
 0F3D:0076 idle  __envseg
 0F3D:0078 idle  __envSize
 0F3D:007A       __psp
 0F3D:007C       __version
 0F3D:007C idle  __osversion
 0F3D:007C idle  __osmajor
 0F3D:007D idle  __osminor
 0F3D:007E       _errno
 0F3D:0080 idle  __Exception_list
 0F3D:0082 idle  ___brklvl
 0F3D:0084       __heapbase
 0F3D:0088       __brklvl
 0F3D:008C       __heaptop
 0F3D:0322 idle  _OSMapTbl
 0F3D:032A idle  _OSUnMapTbl
 0F3D:0430       __8087
 0F3D:0432       __default87
 0F3D:0434       __protected
 0F3D:0436 idle  __LDT
 0F3D:0552       __wscroll
 0F3D:0554       __video
 0F3D:0564       __directvideo
 0F3D:056E       __cFlag
 0F3D:056F       __cChar
 0F3D:0570       __streams
 0F3D:0700       __nfile
 0F3D:0702       __openfd
 0F3D:072A idle  __doserrno
 0F3D:072C idle  __dosErrorToSV
 0F3D:07EE idle  __sys_errlist
 0F3D:08AE       __sys_nerr
 0F3D:0AC4       __localeconvention
 0F3D:0B04       __fpstklen
 0F3D:0B38       __stklen
 0F3D:0B3A       ___xalloc
 0F3D:0B40 idle  __new_handler
 0F3D:0B54       __8086
 0F3D:0B56       __atexitcnt
 0F3D:0B58       __exitbuf
 0F3D:0B5C idle  __exitfopen
 0F3D:0B60 idle  __exitopen
 0F3D:0BAC idle  ___CPPexceptionList
 0F3D:0BB0 idle  ___exceptFlags
 0F3D:0BB2 idle  ___savedDS
 0F3D:0BB4 idle  ___savedSI
 0F3D:0BB6 idle  ___terminatePTR
 0F3D:0BBA idle  ___unexpectdPTR
 0F3D:0BBE idle  ___terminate_DS
 0F3D:0BC0 idle  ___unexpectd_DS
 0F3D:0BC2 idle  ___throwFileName
 0F3D:0BC6 idle  ___throwLineNumber
 0F3D:0BC8 idle  ___throwExceptionName
 0F3D:0BCC idle  ___exceptStaticBuffP
 0F3D:0BD0 idle  ___exceptMemAllocVars
 0F3D:0BD4 idle  ___exceptionNameBuff
 0F3D:0C54 idle  ___ExceptStaticXbuff
 0F3D:0CE6 idle  string::case_sensitive
 0F3D:0CE8 idle  string::paranoid_check
 0F3D:0CEA idle  string::skip_white
 0F3D:0CEC idle  string::initial_capac
 0F3D:0CEE idle  string::resize_inc
 0F3D:0CF0 idle  string::freeboard
 0F3D:0D4C       __RealCvtVector
 0F3D:0D50 idle  __ScanTodVector
 0F3D:0D80 idle  _TaskStk
 0F3D:1580 idle  _TaskStartStk
 0F3D:1980 idle  _TaskData
 0F3D:1982 idle  _RandomSem
 0F3D:1986       _OSTickDOSCtr
 0F3D:19A4 idle  _PC_TickISR
 0F3D:19A8       _OSCtxSwCtr
 0F3D:19AC idle  _OSEventFreeList
 0F3D:19B0 idle  _OSEventTbl
 0F3D:19C4 idle  _OSFlagTbl
 0F3D:19E8 idle  _OSFlagFreeList
 0F3D:19EC       _OSCPUUsage
 0F3D:19EE idle  _OSIdleCtrMax
 0F3D:19F2 idle  _OSIdleCtrRun
 0F3D:19F6 idle  _OSStatRdy
 0F3D:19F8 idle  _OSTaskStatStk
 0F3D:1DF8       _OSIntNesting
 0F3D:1DF9 idle  _OSIntExitY
 0F3D:1DFA idle  _OSLockNesting
 0F3D:1DFB       _OSPrioCur
 0F3D:1DFC       _OSPrioHighRdy
 0F3D:1DFD idle  _OSRdyGrp
 0F3D:1DFE idle  _OSRdyTbl
 0F3D:1E00       _OSRunning
 0F3D:1E01       _OSTaskCtr
 0F3D:1E02 idle  _OSIdleCtr
 0F3D:1E06 idle  _OSTaskIdleStk
 0F3D:2206       _OSTCBCur
 0F3D:220A idle  _OSTCBFreeList
 0F3D:220E       _OSTCBHighRdy
 0F3D:2212 idle  _OSTCBList
 0F3D:2216 idle  _OSTCBPrioTbl
 0F3D:224A idle  _OSTCBTbl
 0F3D:24E2 idle  _OSMemFreeList
 0F3D:24E6 idle  _OSMemTbl
 0F3D:254A idle  _OSQFreeList
 0F3D:254E idle  _OSQTbl
 0F3D:257E idle  _OSTime
 0F3D:2584       __atexittbl
 0F3D:2604       ___SignalPtr
 0F3D:2610 idle  __DestructorCountPtr
 119F:0020       __emu

Program entry point at 0000:0000

